#-----------------------------------------------------------
# Vivado v2025.2 (64-bit)
# SW Build 6299465 on Fri Nov 14 12:34:56 MST 2025
# IP Build 6300035 on Fri Nov 14 10:48:45 MST 2025
# SharedData Build 6298862 on Thu Nov 13 04:50:51 MST 2025
# Start of session at: Fri May 22 20:25:22 2026
# Process ID         : 40403
# Current directory  : /home/brage/embedded/z7nano/FPGA/platform/platform.runs/impl_1
# Command line       : vivado -log ps_wrapper.vdi -applog -product Vivado -messageDb vivado.pb -mode batch -source ps_wrapper.tcl -notrace
# Log file           : /home/brage/embedded/z7nano/FPGA/platform/platform.runs/impl_1/ps_wrapper.vdi
# Journal file       : /home/brage/embedded/z7nano/FPGA/platform/platform.runs/impl_1/vivado.jou
# Running On         : arch
# Platform           : Arch
# Operating System   : Arch Linux
# Processor Detail   : AMD Ryzen 9 5900HX with Radeon Graphics
# CPU Frequency      : 3553.432 MHz
# CPU Physical cores : 8
# CPU Logical cores  : 16
# Host memory        : 16128 MB
# Swap memory        : 7999 MB
# Total Virtual      : 24128 MB
# Available Virtual  : 18402 MB
#-----------------------------------------------------------
source ps_wrapper.tcl -notrace
